INFO:     Started server process [753724]
INFO:     Waiting for application startup.
INFO:     Application startup complete.
ERROR:    [Errno 98] error while attempting to bind on address ('0.0.0.0', 8777): [errno 98] address already in use
INFO:     Waiting for application shutdown.
INFO:     Application shutdown complete.
INFO:     Started server process [755469]
INFO:     Waiting for application startup.
INFO:     Application startup complete.
INFO:     Uvicorn running on http://0.0.0.0:8777 (Press CTRL+C to quit)
INFO:     127.0.0.1:60376 - "GET /api/meta HTTP/1.1" 200 OK
INFO:     127.0.0.1:58358 - "POST /api/runs HTTP/1.1" 200 OK
INFO:     127.0.0.1:39300 - "GET /api/runs HTTP/1.1" 500 Internal Server Error
ERROR:    Exception in ASGI application
Traceback (most recent call last):
  File "/home/developer/ETH Agentic System Lab/Demo 2/evoharness/.venv/lib/python3.13/site-packages/uvicorn/protocols/http/h11_impl.py", line 416, in run_asgi
    result = await app(  # type: ignore[func-returns-value]
             ^^^^^^^^^^^^^^^^^^^^^^^^^^^^^^^^^^^^^^^^^^^^^^
        self.scope, self.receive, self.send
        ^^^^^^^^^^^^^^^^^^^^^^^^^^^^^^^^^^^
    )
    ^
  File "/home/developer/ETH Agentic System Lab/Demo 2/evoharness/.venv/lib/python3.13/site-packages/uvicorn/middleware/proxy_headers.py", line 63, in __call__
    return await self.app(scope, receive, send)
           ^^^^^^^^^^^^^^^^^^^^^^^^^^^^^^^^^^^^
  File "/home/developer/ETH Agentic System Lab/Demo 2/evoharness/.venv/lib/python3.13/site-packages/fastapi/applications.py", line 1163, in __call__
    await super().__call__(scope, receive, send)
  File "/home/developer/ETH Agentic System Lab/Demo 2/evoharness/.venv/lib/python3.13/site-packages/starlette/applications.py", line 90, in __call__
    await self.middleware_stack(scope, receive, send)
  File "/home/developer/ETH Agentic System Lab/Demo 2/evoharness/.venv/lib/python3.13/site-packages/starlette/middleware/errors.py", line 186, in __call__
    raise exc
  File "/home/developer/ETH Agentic System Lab/Demo 2/evoharness/.venv/lib/python3.13/site-packages/starlette/middleware/errors.py", line 164, in __call__
    await self.app(scope, receive, _send)
  File "/home/developer/ETH Agentic System Lab/Demo 2/evoharness/.venv/lib/python3.13/site-packages/starlette/middleware/exceptions.py", line 63, in __call__
    await wrap_app_handling_exceptions(self.app, conn)(scope, receive, send)
  File "/home/developer/ETH Agentic System Lab/Demo 2/evoharness/.venv/lib/python3.13/site-packages/starlette/_exception_handler.py", line 53, in wrapped_app
    raise exc
  File "/home/developer/ETH Agentic System Lab/Demo 2/evoharness/.venv/lib/python3.13/site-packages/starlette/_exception_handler.py", line 42, in wrapped_app
    await app(scope, receive, sender)
  File "/home/developer/ETH Agentic System Lab/Demo 2/evoharness/.venv/lib/python3.13/site-packages/fastapi/middleware/asyncexitstack.py", line 18, in __call__
    await self.app(scope, receive, send)
  File "/home/developer/ETH Agentic System Lab/Demo 2/evoharness/.venv/lib/python3.13/site-packages/starlette/routing.py", line 660, in __call__
    await self.middleware_stack(scope, receive, send)
  File "/home/developer/ETH Agentic System Lab/Demo 2/evoharness/.venv/lib/python3.13/site-packages/fastapi/routing.py", line 2685, in app
    await route.handle(scope, receive, send)
  File "/home/developer/ETH Agentic System Lab/Demo 2/evoharness/.venv/lib/python3.13/site-packages/fastapi/routing.py", line 1267, in handle
    await super().handle(scope, receive, send)
  File "/home/developer/ETH Agentic System Lab/Demo 2/evoharness/.venv/lib/python3.13/site-packages/starlette/routing.py", line 276, in handle
    await self.app(scope, receive, send)
  File "/home/developer/ETH Agentic System Lab/Demo 2/evoharness/.venv/lib/python3.13/site-packages/fastapi/routing.py", line 151, in app
    await wrap_app_handling_exceptions(app, request)(scope, receive, send)
  File "/home/developer/ETH Agentic System Lab/Demo 2/evoharness/.venv/lib/python3.13/site-packages/starlette/_exception_handler.py", line 53, in wrapped_app
    raise exc
  File "/home/developer/ETH Agentic System Lab/Demo 2/evoharness/.venv/lib/python3.13/site-packages/starlette/_exception_handler.py", line 42, in wrapped_app
    await app(scope, receive, sender)
  File "/home/developer/ETH Agentic System Lab/Demo 2/evoharness/.venv/lib/python3.13/site-packages/fastapi/routing.py", line 137, in app
    response = await f(request)
               ^^^^^^^^^^^^^^^^
  File "/home/developer/ETH Agentic System Lab/Demo 2/evoharness/.venv/lib/python3.13/site-packages/fastapi/routing.py", line 732, in app
    response = actual_response_class(content, **response_args)
  File "/home/developer/ETH Agentic System Lab/Demo 2/evoharness/.venv/lib/python3.13/site-packages/starlette/responses.py", line 192, in __init__
    super().__init__(content, status_code, headers, media_type, background)
    ~~~~~~~~~~~~~~~~^^^^^^^^^^^^^^^^^^^^^^^^^^^^^^^^^^^^^^^^^^^^^^^^^^^^^^^
  File "/home/developer/ETH Agentic System Lab/Demo 2/evoharness/.venv/lib/python3.13/site-packages/starlette/responses.py", line 45, in __init__
    self.body = self.render(content)
                ~~~~~~~~~~~^^^^^^^^^
  File "/home/developer/ETH Agentic System Lab/Demo 2/evoharness/.venv/lib/python3.13/site-packages/starlette/responses.py", line 195, in render
    return json.dumps(
           ~~~~~~~~~~^
        content,
        ^^^^^^^^
    ...<3 lines>...
        separators=(",", ":"),
        ^^^^^^^^^^^^^^^^^^^^^^
    ).encode("utf-8")
    ^
  File "/home/developer/.local/share/uv/python/cpython-3.13.12-linux-x86_64-gnu/lib/python3.13/json/__init__.py", line 242, in dumps
    **kw).encode(obj)
          ~~~~~~^^^^^
  File "/home/developer/.local/share/uv/python/cpython-3.13.12-linux-x86_64-gnu/lib/python3.13/json/encoder.py", line 202, in encode
    chunks = self.iterencode(o, _one_shot=True)
  File "/home/developer/.local/share/uv/python/cpython-3.13.12-linux-x86_64-gnu/lib/python3.13/json/encoder.py", line 263, in iterencode
    return _iterencode(o, 0)
ValueError: Out of range float values are not JSON compliant: -inf
INFO:     127.0.0.1:35748 - "GET /api/runs HTTP/1.1" 500 Internal Server Error
ERROR:    Exception in ASGI application
Traceback (most recent call last):
  File "/home/developer/ETH Agentic System Lab/Demo 2/evoharness/.venv/lib/python3.13/site-packages/uvicorn/protocols/http/h11_impl.py", line 416, in run_asgi
    result = await app(  # type: ignore[func-returns-value]
             ^^^^^^^^^^^^^^^^^^^^^^^^^^^^^^^^^^^^^^^^^^^^^^
        self.scope, self.receive, self.send
        ^^^^^^^^^^^^^^^^^^^^^^^^^^^^^^^^^^^
    )
    ^
  File "/home/developer/ETH Agentic System Lab/Demo 2/evoharness/.venv/lib/python3.13/site-packages/uvicorn/middleware/proxy_headers.py", line 63, in __call__
    return await self.app(scope, receive, send)
           ^^^^^^^^^^^^^^^^^^^^^^^^^^^^^^^^^^^^
  File "/home/developer/ETH Agentic System Lab/Demo 2/evoharness/.venv/lib/python3.13/site-packages/fastapi/applications.py", line 1163, in __call__
    await super().__call__(scope, receive, send)
  File "/home/developer/ETH Agentic System Lab/Demo 2/evoharness/.venv/lib/python3.13/site-packages/starlette/applications.py", line 90, in __call__
    await self.middleware_stack(scope, receive, send)
  File "/home/developer/ETH Agentic System Lab/Demo 2/evoharness/.venv/lib/python3.13/site-packages/starlette/middleware/errors.py", line 186, in __call__
    raise exc
  File "/home/developer/ETH Agentic System Lab/Demo 2/evoharness/.venv/lib/python3.13/site-packages/starlette/middleware/errors.py", line 164, in __call__
    await self.app(scope, receive, _send)
  File "/home/developer/ETH Agentic System Lab/Demo 2/evoharness/.venv/lib/python3.13/site-packages/starlette/middleware/exceptions.py", line 63, in __call__
    await wrap_app_handling_exceptions(self.app, conn)(scope, receive, send)
  File "/home/developer/ETH Agentic System Lab/Demo 2/evoharness/.venv/lib/python3.13/site-packages/starlette/_exception_handler.py", line 53, in wrapped_app
    raise exc
  File "/home/developer/ETH Agentic System Lab/Demo 2/evoharness/.venv/lib/python3.13/site-packages/starlette/_exception_handler.py", line 42, in wrapped_app
    await app(scope, receive, sender)
  File "/home/developer/ETH Agentic System Lab/Demo 2/evoharness/.venv/lib/python3.13/site-packages/fastapi/middleware/asyncexitstack.py", line 18, in __call__
    await self.app(scope, receive, send)
  File "/home/developer/ETH Agentic System Lab/Demo 2/evoharness/.venv/lib/python3.13/site-packages/starlette/routing.py", line 660, in __call__
    await self.middleware_stack(scope, receive, send)
  File "/home/developer/ETH Agentic System Lab/Demo 2/evoharness/.venv/lib/python3.13/site-packages/fastapi/routing.py", line 2685, in app
    await route.handle(scope, receive, send)
  File "/home/developer/ETH Agentic System Lab/Demo 2/evoharness/.venv/lib/python3.13/site-packages/fastapi/routing.py", line 1267, in handle
    await super().handle(scope, receive, send)
  File "/home/developer/ETH Agentic System Lab/Demo 2/evoharness/.venv/lib/python3.13/site-packages/starlette/routing.py", line 276, in handle
    await self.app(scope, receive, send)
  File "/home/developer/ETH Agentic System Lab/Demo 2/evoharness/.venv/lib/python3.13/site-packages/fastapi/routing.py", line 151, in app
    await wrap_app_handling_exceptions(app, request)(scope, receive, send)
  File "/home/developer/ETH Agentic System Lab/Demo 2/evoharness/.venv/lib/python3.13/site-packages/starlette/_exception_handler.py", line 53, in wrapped_app
    raise exc
  File "/home/developer/ETH Agentic System Lab/Demo 2/evoharness/.venv/lib/python3.13/site-packages/starlette/_exception_handler.py", line 42, in wrapped_app
    await app(scope, receive, sender)
  File "/home/developer/ETH Agentic System Lab/Demo 2/evoharness/.venv/lib/python3.13/site-packages/fastapi/routing.py", line 137, in app
    response = await f(request)
               ^^^^^^^^^^^^^^^^
  File "/home/developer/ETH Agentic System Lab/Demo 2/evoharness/.venv/lib/python3.13/site-packages/fastapi/routing.py", line 732, in app
    response = actual_response_class(content, **response_args)
  File "/home/developer/ETH Agentic System Lab/Demo 2/evoharness/.venv/lib/python3.13/site-packages/starlette/responses.py", line 192, in __init__
    super().__init__(content, status_code, headers, media_type, background)
    ~~~~~~~~~~~~~~~~^^^^^^^^^^^^^^^^^^^^^^^^^^^^^^^^^^^^^^^^^^^^^^^^^^^^^^^
  File "/home/developer/ETH Agentic System Lab/Demo 2/evoharness/.venv/lib/python3.13/site-packages/starlette/responses.py", line 45, in __init__
    self.body = self.render(content)
                ~~~~~~~~~~~^^^^^^^^^
  File "/home/developer/ETH Agentic System Lab/Demo 2/evoharness/.venv/lib/python3.13/site-packages/starlette/responses.py", line 195, in render
    return json.dumps(
           ~~~~~~~~~~^
        content,
        ^^^^^^^^
    ...<3 lines>...
        separators=(",", ":"),
        ^^^^^^^^^^^^^^^^^^^^^^
    ).encode("utf-8")
    ^
  File "/home/developer/.local/share/uv/python/cpython-3.13.12-linux-x86_64-gnu/lib/python3.13/json/__init__.py", line 242, in dumps
    **kw).encode(obj)
          ~~~~~~^^^^^
  File "/home/developer/.local/share/uv/python/cpython-3.13.12-linux-x86_64-gnu/lib/python3.13/json/encoder.py", line 202, in encode
    chunks = self.iterencode(o, _one_shot=True)
  File "/home/developer/.local/share/uv/python/cpython-3.13.12-linux-x86_64-gnu/lib/python3.13/json/encoder.py", line 263, in iterencode
    return _iterencode(o, 0)
ValueError: Out of range float values are not JSON compliant: -inf
INFO:     Shutting down
INFO:     Waiting for application shutdown.
INFO:     Application shutdown complete.
INFO:     Finished server process [755469]
INFO:     Started server process [764102]
INFO:     Waiting for application startup.
INFO:     Application startup complete.
INFO:     Uvicorn running on http://0.0.0.0:8777 (Press CTRL+C to quit)
INFO:     127.0.0.1:60162 - "GET /api/runs HTTP/1.1" 200 OK
INFO:     127.0.0.1:49976 - "POST /api/runs HTTP/1.1" 200 OK
INFO:     Shutting down
INFO:     Waiting for application shutdown.
INFO:     Application shutdown complete.
INFO:     Finished server process [764102]
INFO:     Started server process [947471]
INFO:     Waiting for application startup.
INFO:     Application startup complete.
INFO:     Uvicorn running on http://0.0.0.0:8777 (Press CTRL+C to quit)
INFO:     127.0.0.1:39348 - "GET /api/meta HTTP/1.1" 200 OK
INFO:     127.0.0.1:39352 - "POST /api/runs HTTP/1.1" 200 OK
INFO:     Shutting down
INFO:     Waiting for application shutdown.
INFO:     Application shutdown complete.
INFO:     Finished server process [947471]
INFO:     Started server process [1190854]
INFO:     Waiting for application startup.
INFO:     Application startup complete.
INFO:     Uvicorn running on http://0.0.0.0:8777 (Press CTRL+C to quit)
INFO:     127.0.0.1:34570 - "GET /api/meta HTTP/1.1" 200 OK
INFO:     127.0.0.1:34572 - "POST /api/runs HTTP/1.1" 200 OK
INFO:     127.0.0.1:59168 - "POST /api/runs HTTP/1.1" 200 OK
INFO:     127.0.0.1:59572 - "POST /api/runs HTTP/1.1" 200 OK
INFO:     5.187.35.142:24914 - "GET /../../../../../../etc/passwd HTTP/1.1" 404 Not Found
